// Vitest Snapshot v1

exports[`renders match snapshot 1`] = `
<DocumentFragment>
  <div
    class="adm-nav-bar fixed z-50 w-screen bg-white"
    style="--height: 45px;"
  >
    <div
      class="adm-nav-bar-left"
      role="button"
    >
      <div
        class="adm-nav-bar-back"
      >
        <span
          class="adm-nav-bar-back-arrow"
        >
          <svg
            class="antd-mobile-icon"
            height="1em"
            style="vertical-align: -0.125em;"
            viewBox="0 0 48 48"
            width="1em"
            xmlns="http://www.w3.org/2000/svg"
            xmlns:xlink="http://www.w3.org/1999/xlink"
          >
            <title>
              A204776C-9DAE-4D2F-806A-362964924114@2x
            </title>
            <g
              fill="none"
              fill-rule="evenodd"
              id="LeftOutline-LeftOutline"
              stroke="none"
              stroke-width="1"
            >
              <g
                id="LeftOutline-编组"
              >
                <rect
                  fill="#FFFFFF"
                  height="48"
                  id="LeftOutline-矩形"
                  opacity="0"
                  width="48"
                  x="0"
                  y="0"
                />
                <path
                  d="M31.7053818,5.11219264 L13.5234393,22.6612572 L13.5234393,22.6612572 C12.969699,23.2125856 12.9371261,24.0863155 13.4257204,24.6755735 L13.5234393,24.7825775 L31.7045714,42.8834676 C31.7795345,42.9580998 31.8810078,43 31.9867879,43 L35.1135102,43 C35.3344241,43 35.5135102,42.8209139 35.5135102,42.6 C35.5135102,42.4936115 35.4711279,42.391606 35.3957362,42.316542 L16.7799842,23.7816937 L16.7799842,23.7816937 L35.3764658,5.6866816 C35.5347957,5.53262122 35.5382568,5.27937888 35.3841964,5.121049 C35.3088921,5.04365775 35.205497,5 35.0975148,5 L31.9831711,5 C31.8795372,5 31.7799483,5.04022164 31.7053818,5.11219264 Z"
                  fill="currentColor"
                  fill-rule="nonzero"
                  id="LeftOutline-路径"
                />
              </g>
            </g>
          </svg>
        </span>
        <span
          aria-hidden="true"
        />
      </div>
    </div>
    <div
      class="adm-nav-bar-title"
    >
      测试
    </div>
    <div
      class="adm-nav-bar-right"
    />
  </div>
</DocumentFragment>
`;
